// Jest Snapshot v1, https://goo.gl/fbAQLP

exports[`Testando componente principal Renderizar conte√∫do 1`] = `ShallowWrapper {}`;
